// Jest Snapshot v1, https://goo.gl/fbAQLP

exports[`Layout should render successfully 1`] = `
<DocumentFragment>
  <div
    class="MuiBox-root css-0"
  >
    <div
      class="MuiContainer-root MuiContainer-maxWidthLg css-1nhgryu-MuiContainer-root"
    >
      <div>
        Test
      </div>
    </div>
  </div>
</DocumentFragment>
`;
