// Jest Snapshot v1, https://goo.gl/fbAQLP

exports[`SignIn should render successfully 1`] = `
<DocumentFragment>
  <main
    class="MuiContainer-root MuiContainer-maxWidthXs css-nzinn5-MuiContainer-root"
  >
    <div
      class="MuiBox-root css-binzgt"
    >
      <div
        class="MuiAvatar-root MuiAvatar-circular MuiAvatar-colorDefault css-1fkti26-MuiAvatar-root"
      >
        <svg
          aria-hidden="true"
          class="MuiSvgIcon-root MuiSvgIcon-fontSizeMedium css-i4bv87-MuiSvgIcon-root"
          data-testid="LockOutlinedIcon"
          focusable="false"
          viewBox="0 0 24 24"
        >
          <path
            d="M18 8h-1V6c0-2.76-2.24-5-5-5S7 3.24 7 6v2H6c-1.1 0-2 .9-2 2v10c0 1.1.9 2 2 2h12c1.1 0 2-.9 2-2V10c0-1.1-.9-2-2-2zM9 6c0-1.66 1.34-3 3-3s3 1.34 3 3v2H9V6zm9 14H6V10h12v10zm-6-3c1.1 0 2-.9 2-2s-.9-2-2-2-2 .9-2 2 .9 2 2 2z"
          />
        </svg>
      </div>
      <h1
        class="MuiTypography-root MuiTypography-h5 css-1xszx61-MuiTypography-root"
      >
        Sign in
      </h1>
      <form
        class="MuiBox-root css-164r41r"
      >
        <div
          class="MuiFormControl-root MuiFormControl-marginNormal MuiFormControl-fullWidth MuiTextField-root css-17vbkzs-MuiFormControl-root-MuiTextField-root"
        >
          <label
            class="MuiFormLabel-root MuiInputLabel-root MuiInputLabel-formControl MuiInputLabel-animated MuiInputLabel-shrink MuiInputLabel-outlined MuiFormLabel-colorPrimary Mui-focused Mui-required css-1sumxir-MuiFormLabel-root-MuiInputLabel-root"
            data-shrink="true"
            for="email"
            id="email-label"
          >
            Email Address
            <span
              aria-hidden="true"
              class="MuiFormLabel-asterisk MuiInputLabel-asterisk css-wgai2y-MuiFormLabel-asterisk"
            >
               *
            </span>
          </label>
          <div
            class="MuiInputBase-root MuiOutlinedInput-root MuiInputBase-colorPrimary MuiInputBase-fullWidth Mui-focused MuiInputBase-formControl css-md26zr-MuiInputBase-root-MuiOutlinedInput-root"
          >
            <input
              aria-invalid="false"
              autocomplete="email"
              class="MuiInputBase-input MuiOutlinedInput-input css-1t8l2tu-MuiInputBase-input-MuiOutlinedInput-input"
              id="email"
              name="email"
              required=""
              type="text"
              value=""
            />
            <fieldset
              aria-hidden="true"
              class="MuiOutlinedInput-notchedOutline css-1d3z3hw-MuiOutlinedInput-notchedOutline"
            >
              <legend
                class="css-14lo706"
              >
                <span>
                  Email Address *
                </span>
              </legend>
            </fieldset>
          </div>
        </div>
        <div
          class="MuiFormControl-root MuiFormControl-marginNormal MuiFormControl-fullWidth MuiTextField-root css-17vbkzs-MuiFormControl-root-MuiTextField-root"
        >
          <label
            class="MuiFormLabel-root MuiInputLabel-root MuiInputLabel-formControl MuiInputLabel-animated MuiInputLabel-outlined MuiFormLabel-colorPrimary Mui-required css-14s5rfu-MuiFormLabel-root-MuiInputLabel-root"
            data-shrink="false"
            for="password"
            id="password-label"
          >
            Password
            <span
              aria-hidden="true"
              class="MuiFormLabel-asterisk MuiInputLabel-asterisk css-wgai2y-MuiFormLabel-asterisk"
            >
               *
            </span>
          </label>
          <div
            class="MuiInputBase-root MuiOutlinedInput-root MuiInputBase-colorPrimary MuiInputBase-fullWidth MuiInputBase-formControl css-md26zr-MuiInputBase-root-MuiOutlinedInput-root"
          >
            <input
              aria-invalid="false"
              autocomplete="current-password"
              class="MuiInputBase-input MuiOutlinedInput-input css-1t8l2tu-MuiInputBase-input-MuiOutlinedInput-input"
              id="password"
              name="password"
              required=""
              type="password"
              value=""
            />
            <fieldset
              aria-hidden="true"
              class="MuiOutlinedInput-notchedOutline css-1d3z3hw-MuiOutlinedInput-notchedOutline"
            >
              <legend
                class="css-yjsfm1"
              >
                <span>
                  Password *
                </span>
              </legend>
            </fieldset>
          </div>
        </div>
        <label
          class="MuiFormControlLabel-root MuiFormControlLabel-labelPlacementEnd css-1xaers0-MuiFormControlLabel-root"
        >
          <span
            class="MuiButtonBase-root MuiCheckbox-root MuiCheckbox-colorPrimary PrivateSwitchBase-root MuiCheckbox-root MuiCheckbox-colorPrimary css-12wnr2w-MuiButtonBase-root-MuiCheckbox-root"
          >
            <input
              class="PrivateSwitchBase-input css-1m9pwf3"
              data-indeterminate="false"
              type="checkbox"
              value="remember"
            />
            <svg
              aria-hidden="true"
              class="MuiSvgIcon-root MuiSvgIcon-fontSizeMedium css-i4bv87-MuiSvgIcon-root"
              data-testid="CheckBoxOutlineBlankIcon"
              focusable="false"
              viewBox="0 0 24 24"
            >
              <path
                d="M19 5v14H5V5h14m0-2H5c-1.1 0-2 .9-2 2v14c0 1.1.9 2 2 2h14c1.1 0 2-.9 2-2V5c0-1.1-.9-2-2-2z"
              />
            </svg>
            <span
              class="MuiTouchRipple-root css-8je8zh-MuiTouchRipple-root"
            />
          </span>
          <span
            class="MuiTypography-root MuiTypography-body1 MuiFormControlLabel-label css-ahj2mt-MuiTypography-root"
          >
            Lembrar meus dados
          </span>
        </label>
        <button
          class="MuiButtonBase-root MuiButton-root MuiButton-contained MuiButton-containedPrimary MuiButton-sizeMedium MuiButton-containedSizeMedium MuiButton-fullWidth css-1vhaqj4-MuiButtonBase-root-MuiButton-root"
          tabindex="0"
          type="submit"
        >
          Entrar
          <span
            class="MuiTouchRipple-root css-8je8zh-MuiTouchRipple-root"
          />
        </button>
        <div
          class="MuiGrid-root MuiGrid-container css-11lq3yg-MuiGrid-root"
        >
          <div
            class="MuiGrid-root MuiGrid-item MuiGrid-grid-xs-true css-1vd824g-MuiGrid-root"
          >
            <a
              class="MuiTypography-root MuiTypography-body2 MuiLink-root MuiLink-underlineAlways css-101ca9i-MuiTypography-root-MuiLink-root"
              href="#"
            >
              Esqueci minha senha
            </a>
          </div>
          <div
            class="MuiGrid-root MuiGrid-item css-13i4rnv-MuiGrid-root"
          >
            <a
              class="MuiTypography-root MuiTypography-body2 MuiLink-root MuiLink-underlineAlways css-101ca9i-MuiTypography-root-MuiLink-root"
              href="/type"
            >
              Não possui uma conta? Criar
            </a>
          </div>
        </div>
      </form>
    </div>
    <p
      class="MuiTypography-root MuiTypography-body2 MuiTypography-alignCenter css-ijul54-MuiTypography-root"
    >
      Copyright © 
      <a
        class="MuiTypography-root MuiTypography-inherit MuiLink-root MuiLink-underlineAlways css-1cghntr-MuiTypography-root-MuiLink-root"
        href="https://www.onewayinnovation.com.br/"
        target="_blank"
      >
        One Way Innovation
      </a>
       2023.
    </p>
  </main>
</DocumentFragment>
`;
